// Jest Snapshot v1, https://goo.gl/fbAQLP

exports[`Greeting should match the snapshot with all the data passed in correctly 1`] = `
<article
  className="user-info"
>
  <section
    className="heading-container-wrapper"
  >
    <NavLink
      className="signout-btn"
      to="/"
    >
      Signout
    </NavLink>
    <NavLink
      to="/favorites"
    >
      1
    </NavLink>
  </section>
  <p>
    Hello, 
    VEE
    . You've chosen 
    Vacation
     as your reason for being here!
  </p>
</article>
`;
